Using pre-set license
Built from '6000.0/staging' branch; Version is '6000.0.34f1 (5ab2d9ed9190) revision 5944025'; Using compiler version '193933523'; Build Type 'Release'
OS: 'Windows 10  (10.0.19045) 64bit Professional' Language: 'es' Physical Memory: 24512 MB
BatchMode: 1, IsHumanControllingUs: 0, StartBugReporterOnCrash: 0, Is64bit: 1, IsPro: 1

COMMAND LINE ARGUMENTS:
C:\Program Files\Unity\Hub\Editor\6000.0.34f1\Editor\Unity.exe
-adb2
-batchMode
-noUpm
-name
AssetImportWorker2
-projectPath
D:/Guardados/Cosas agrupadas/Productivo/unity/learning to shrimp
-logFile
Logs/AssetImportWorker2.log
-srvPort
60513
-job-worker-count
1
-background-job-worker-count
8
-gc-helper-count
1
Successfully changed project path to: D:/Guardados/Cosas agrupadas/Productivo/unity/learning to shrimp
D:/Guardados/Cosas agrupadas/Productivo/unity/learning to shrimp
[UnityMemory] Configuration Parameters - Can be set up in boot.config
    "memorysetup-bucket-allocator-granularity=16"
    "memorysetup-bucket-allocator-bucket-count=8"
    "memorysetup-bucket-allocator-block-size=33554432"
    "memorysetup-bucket-allocator-block-count=8"
    "memorysetup-main-allocator-block-size=16777216"
    "memorysetup-thread-allocator-block-size=16777216"
    "memorysetup-gfx-main-allocator-block-size=16777216"
    "memorysetup-gfx-thread-allocator-block-size=16777216"
    "memorysetup-cache-allocator-block-size=4194304"
    "memorysetup-typetree-allocator-block-size=2097152"
    "memorysetup-profiler-bucket-allocator-granularity=16"
    "memorysetup-profiler-bucket-allocator-bucket-count=8"
    "memorysetup-profiler-bucket-allocator-block-size=33554432"
    "memorysetup-profiler-bucket-allocator-block-count=8"
    "memorysetup-profiler-allocator-block-size=16777216"
    "memorysetup-profiler-editor-allocator-block-size=1048576"
    "memorysetup-temp-allocator-size-main=16777216"
    "memorysetup-job-temp-allocator-block-size=2097152"
    "memorysetup-job-temp-allocator-block-size-background=1048576"
    "memorysetup-job-temp-allocator-reduction-small-platforms=262144"
    "memorysetup-allocator-temp-initial-block-size-main=262144"
    "memorysetup-allocator-temp-initial-block-size-worker=262144"
    "memorysetup-temp-allocator-size-background-worker=32768"
    "memorysetup-temp-allocator-size-job-worker=262144"
    "memorysetup-temp-allocator-size-preload-manager=33554432"
    "memorysetup-temp-allocator-size-nav-mesh-worker=65536"
    "memorysetup-temp-allocator-size-audio-worker=65536"
    "memorysetup-temp-allocator-size-cloud-worker=32768"
    "memorysetup-temp-allocator-size-gi-baking-worker=262144"
    "memorysetup-temp-allocator-size-gi-baking-worker=262144"
    "memorysetup-temp-allocator-size-gi-baking-worker=262144"
    "memorysetup-temp-allocator-size-gi-baking-worker=262144"
    "memorysetup-temp-allocator-size-gi-baking-worker=262144"
    "memorysetup-temp-allocator-size-gfx=262144"
Player connection [14392]  Target information:

Player connection [14392]  * "[IP] 192.168.0.226 [Port] 0 [Flags] 2 [Guid] 3304083801 [EditorId] 3304083801 [Version] 1048832 [Id] WindowsEditor(7,Alvarete-PC) [Debug] 1 [PackageName] WindowsEditor [ProjectName] Editor" 

Player connection [14392] Host joined multi-casting on [225.0.0.222:54997]...
Player connection [14392] Host joined alternative multi-casting on [225.0.0.222:34997]...
JobSystem: Creating JobQueue using job-worker-count value 1
Input System module state changed to: Initialized.
[Physics::Module] Initialized fallback backend.
[Physics::Module] Id: 0xdecafbad
Library Redirect Path: Library/
[Physics::Module] Selected backend.
[Physics::Module] Name: PhysX
[Physics::Module] Id: 0xf2b8ea05
[Physics::Module] SDK Version: 4.1.2
[Physics::Module] Integration Version: 1.0.0
[Physics::Module] Threading Mode: Multi-Threaded
Refreshing native plugins compatible for Editor in 2.81 ms, found 3 plugins.
Preloading 0 native plugins for Editor in 0.00 ms.
Initialize engine version: 6000.0.34f1 (5ab2d9ed9190)
[Subsystems] Discovering subsystems at path C:/Program Files/Unity/Hub/Editor/6000.0.34f1/Editor/Data/Resources/UnitySubsystems
[Subsystems] Discovering subsystems at path D:/Guardados/Cosas agrupadas/Productivo/unity/learning to shrimp/Assets
GfxDevice: creating device client; kGfxThreadingModeNonThreaded
Direct3D:
    Version:         Direct3D 12 [level 12.0]
    Renderer:        Radeon RX 580 Series (ID=0x67df)
    Vendor:          ATI
    VRAM:            8170 MB
    App VRAM Budget: 7402 MB
    Driver:          31.0.21921.1000
Shader Hidden/ProbeVolume/VoxelizeScene is not supported: GPU does not support conservative rasterization
Initialize mono
Mono path[0] = 'C:/Program Files/Unity/Hub/Editor/6000.0.34f1/Editor/Data/Managed'
Mono path[1] = 'C:/Program Files/Unity/Hub/Editor/6000.0.34f1/Editor/Data/MonoBleedingEdge/lib/mono/unityjit-win32'
Mono config path = 'C:/Program Files/Unity/Hub/Editor/6000.0.34f1/Editor/Data/MonoBleedingEdge/etc'
Using monoOptions --debugger-agent=transport=dt_socket,embedding=1,server=y,suspend=n,address=127.0.0.1:56332
Begin MonoManager ReloadAssembly
Registering precompiled unity dll's ...
Register platform support module: C:/Program Files/Unity/Hub/Editor/6000.0.34f1/Editor/Data/PlaybackEngines/WebGLSupport/UnityEditor.WebGL.Extensions.dll
Register platform support module: C:/Program Files/Unity/Hub/Editor/6000.0.34f1/Editor/Data/PlaybackEngines/WindowsStandaloneSupport/UnityEditor.WindowsStandalone.Extensions.dll
Register platform support module: C:/Program Files/Unity/Hub/Editor/6000.0.34f1/Editor/Data/PlaybackEngines/MetroSupport/UnityEditor.UWP.Extensions.dll
Register platform support module: C:/Program Files/Unity/Hub/Editor/6000.0.34f1/Editor/Data/PlaybackEngines/LinuxStandaloneSupport/UnityEditor.LinuxStandalone.Extensions.dll
Registered in 0.010941 seconds.
- Loaded All Assemblies, in  1.242 seconds
Native extension for LinuxStandalone target not found
Native extension for UWP target not found
Native extension for WindowsStandalone target not found
Native extension for WebGL target not found
Mono: successfully reloaded assembly
- Finished resetting the current domain, in  1.312 seconds
Domain Reload Profiling: 2547ms
	BeginReloadAssembly (381ms)
		ExecutionOrderSort (0ms)
		DisableScriptedObjects (0ms)
		BackupInstance (0ms)
		ReleaseScriptingObjects (0ms)
		CreateAndSetChildDomain (2ms)
	RebuildCommonClasses (154ms)
	RebuildNativeTypeToScriptingClass (34ms)
	initialDomainReloadingComplete (167ms)
	LoadAllAssembliesAndSetupDomain (497ms)
		LoadAssemblies (385ms)
		RebuildTransferFunctionScriptingTraits (0ms)
		AnalyzeDomain (473ms)
			TypeCache.Refresh (472ms)
				TypeCache.ScanAssembly (416ms)
			BuildScriptInfoCaches (0ms)
			ResolveRequiredComponents (1ms)
	FinalizeReload (1313ms)
		ReleaseScriptCaches (0ms)
		RebuildScriptCaches (0ms)
		SetupLoadedEditorAssemblies (1187ms)
			LogAssemblyErrors (0ms)
			InitializePlatformSupportModulesInManaged (181ms)
			SetLoadedEditorAssemblies (14ms)
			BeforeProcessingInitializeOnLoad (444ms)
			ProcessInitializeOnLoadAttributes (384ms)
			ProcessInitializeOnLoadMethodAttributes (165ms)
			AfterProcessingInitializeOnLoad (0ms)
			EditorAssembliesLoaded (0ms)
		ExecutionOrderSort2 (0ms)
		AwakeInstancesAfterBackupRestoration (0ms)
========================================================================
Worker process is ready to serve import requests
Import Worker Mode flag is 0x00
Begin MonoManager ReloadAssembly
Assembly 'Library/ScriptAssemblies/Assembly-CSharp-Editor.dll' will not be loaded due to errors:
Unable to resolve reference 'Unity.RenderPipelines.HighDefinition.Editor'. Is the assembly missing or incompatible with the current platform?
Reference validation can be disabled in the Plugin Inspector.
Assembly 'Library/ScriptAssemblies/Assembly-CSharp.dll' will not be loaded due to errors:
Unable to resolve reference 'Unity.RenderPipelines.HighDefinition.Runtime'. Is the assembly missing or incompatible with the current platform?
Reference validation can be disabled in the Plugin Inspector.
- Loaded All Assemblies, in  4.421 seconds
Refreshing native plugins compatible for Editor in 3.03 ms, found 3 plugins.
Native extension for LinuxStandalone target not found
Native extension for UWP target not found
Native extension for WindowsStandalone target not found
Native extension for WebGL target not found
Mono: successfully reloaded assembly
- Finished resetting the current domain, in  3.003 seconds
Domain Reload Profiling: 7419ms
	BeginReloadAssembly (518ms)
		ExecutionOrderSort (0ms)
		DisableScriptedObjects (12ms)
		BackupInstance (0ms)
		ReleaseScriptingObjects (0ms)
		CreateAndSetChildDomain (88ms)
	RebuildCommonClasses (172ms)
	RebuildNativeTypeToScriptingClass (46ms)
	initialDomainReloadingComplete (126ms)
	LoadAllAssembliesAndSetupDomain (3553ms)
		LoadAssemblies (2996ms)
		RebuildTransferFunctionScriptingTraits (0ms)
		AnalyzeDomain (918ms)
			TypeCache.Refresh (561ms)
				TypeCache.ScanAssembly (519ms)
			BuildScriptInfoCaches (288ms)
			ResolveRequiredComponents (66ms)
	FinalizeReload (3003ms)
		ReleaseScriptCaches (0ms)
		RebuildScriptCaches (0ms)
		SetupLoadedEditorAssemblies (2057ms)
			LogAssemblyErrors (0ms)
			InitializePlatformSupportModulesInManaged (9ms)
			SetLoadedEditorAssemblies (10ms)
			BeforeProcessingInitializeOnLoad (710ms)
			ProcessInitializeOnLoadAttributes (1206ms)
			ProcessInitializeOnLoadMethodAttributes (115ms)
			AfterProcessingInitializeOnLoad (7ms)
			EditorAssembliesLoaded (0ms)
		ExecutionOrderSort2 (0ms)
		AwakeInstancesAfterBackupRestoration (8ms)
Shader Hidden/ProbeVolume/VoxelizeScene is not supported: GPU does not support conservative rasterization
Launched and connected shader compiler UnityShaderCompiler.exe after 0.02 seconds
Refreshing native plugins compatible for Editor in 0.90 ms, found 3 plugins.
Preloading 0 native plugins for Editor in 0.00 ms.
Unloading 192 Unused Serialized files (Serialized files now loaded: 0)
Unloading 5606 unused Assets / (4.3 MB). Loaded Objects now: 6261.
Memory consumption went from 149.5 MB to 145.2 MB.
Total: 12.964700 ms (FindLiveObjects: 0.889200 ms CreateObjectMapping: 1.455100 ms MarkObjects: 5.955800 ms  DeleteObjects: 4.663500 ms)

========================================================================
Received Import Request.
  Time since last request: 722191.374180 seconds.
  path: Assets/DefaultVolumeProfile.asset
  artifactKey: Guid(ab07cdc2daa4d7144bf69dcaa184ff78) Importer(2089858483,192608db42251d675da83286b1cce702)
Start importing Assets/DefaultVolumeProfile.asset using Guid(ab07cdc2daa4d7144bf69dcaa184ff78) Importer(2089858483,192608db42251d675da83286b1cce702) (ScriptedImporter) -> (artifact id: 'ef899e49c010282ea39fffe8057be908') in 0.2612859 seconds
Number of updated asset objects reloaded before import = 1Number of asset objects unloaded after import = 0

========================================================================
Received Prepare
Shader Hidden/ProbeVolume/VoxelizeScene is not supported: GPU does not support conservative rasterization
Refreshing native plugins compatible for Editor in 0.87 ms, found 3 plugins.
Preloading 0 native plugins for Editor in 0.00 ms.
Unloading 16 Unused Serialized files (Serialized files now loaded: 0)
Unloading 18 unused Assets / (1.9 MB). Loaded Objects now: 6282.
Memory consumption went from 118.1 MB to 116.2 MB.
Total: 6.539400 ms (FindLiveObjects: 0.406200 ms CreateObjectMapping: 0.291000 ms MarkObjects: 5.003900 ms  DeleteObjects: 0.837300 ms)

Prepare: number of updated asset objects reloaded= 0
========================================================================
Received Import Request.
  Time since last request: 52.499593 seconds.
  path: Assets/Texturizado/URP/New Universal Render Pipeline Asset.asset
  artifactKey: Guid(b4f229af2d3072c4d889430c6afb288e) Importer(815301076,1909f56bfc062723c751e8b465ee728b)
Start importing Assets/Texturizado/URP/New Universal Render Pipeline Asset.asset using Guid(b4f229af2d3072c4d889430c6afb288e) Importer(815301076,1909f56bfc062723c751e8b465ee728b) (PreviewImporter) -> (artifact id: 'ccf6934366ba6780a4e61fcba32138b9') in 0.0275435 seconds
Number of updated asset objects reloaded before import = 0Number of asset objects unloaded after import = 2

========================================================================
Received Import Request.
  Time since last request: 0.000017 seconds.
  path: Assets/Texturizado/URP/New Universal Render Pipeline Asset_Renderer.asset
  artifactKey: Guid(22cdf4e0a3de4d24b813580e535a2688) Importer(815301076,1909f56bfc062723c751e8b465ee728b)
Start importing Assets/Texturizado/URP/New Universal Render Pipeline Asset_Renderer.asset using Guid(22cdf4e0a3de4d24b813580e535a2688) Importer(815301076,1909f56bfc062723c751e8b465ee728b) (PreviewImporter) -> (artifact id: '5b0a906a9e70a9f7f444c1bd5e1cda0b') in 0.0034652 seconds
Number of updated asset objects reloaded before import = 0Number of asset objects unloaded after import = 1

========================================================================
Received Import Request.
  Time since last request: 0.755762 seconds.
  path: Assets/Settings/High Fidelity_PipelineAsset_ForwardRenderer.asset
  artifactKey: Guid(3cb567f3d63808e47a732c665658f3b6) Importer(2089858483,192608db42251d675da83286b1cce702)
Start importing Assets/Settings/High Fidelity_PipelineAsset_ForwardRenderer.asset using Guid(3cb567f3d63808e47a732c665658f3b6) Importer(2089858483,192608db42251d675da83286b1cce702) (ScriptedImporter) -> (artifact id: 'e75ba4087ecc00a10cb2bf06096664ba') in 0.0582137 seconds
Number of updated asset objects reloaded before import = 0Number of asset objects unloaded after import = 1

========================================================================
Received Import Request.
  Time since last request: 0.000019 seconds.
  path: Assets/Settings/Balanced_PipelineAsset.asset
  artifactKey: Guid(cad64168622a8244d80129fd3c8d168d) Importer(2089858483,192608db42251d675da83286b1cce702)
Start importing Assets/Settings/Balanced_PipelineAsset.asset using Guid(cad64168622a8244d80129fd3c8d168d) Importer(2089858483,192608db42251d675da83286b1cce702) (ScriptedImporter) -> (artifact id: '178a2a5a402f7a82cf9e33b28db65945') in 0.0721555 seconds
Number of updated asset objects reloaded before import = 0Number of asset objects unloaded after import = 2

========================================================================
Received Import Request.
  Time since last request: 0.000025 seconds.
  path: Assets/Settings/Performant_PipelineAsset.asset
  artifactKey: Guid(829971512e745fb46b8addf1dd84731a) Importer(2089858483,192608db42251d675da83286b1cce702)
Start importing Assets/Settings/Performant_PipelineAsset.asset using Guid(829971512e745fb46b8addf1dd84731a) Importer(2089858483,192608db42251d675da83286b1cce702) (ScriptedImporter) -> (artifact id: '032a2c4d8563a1e5ce536789169a2222') in 0.032018 seconds
Number of updated asset objects reloaded before import = 0Number of asset objects unloaded after import = 2

========================================================================
Received Import Request.
  Time since last request: 0.000015 seconds.
  path: Assets/Settings/Performant_PipelineAsset_ForwardRenderer.asset
  artifactKey: Guid(b0a7e7e5f23ec5c428e106ab6cb718ec) Importer(2089858483,192608db42251d675da83286b1cce702)
Start importing Assets/Settings/Performant_PipelineAsset_ForwardRenderer.asset using Guid(b0a7e7e5f23ec5c428e106ab6cb718ec) Importer(2089858483,192608db42251d675da83286b1cce702) (ScriptedImporter) -> (artifact id: '2c3e60b2262d20b8a38f8b010e593c9d') in 0.0201307 seconds
Number of updated asset objects reloaded before import = 0Number of asset objects unloaded after import = 1

========================================================================
Received Import Request.
  Time since last request: 0.000021 seconds.
  path: Assets/Settings/High Fidelity_PipelineAsset.asset
  artifactKey: Guid(0e611f6389fa0034f93efa0b7230c29a) Importer(2089858483,192608db42251d675da83286b1cce702)
Start importing Assets/Settings/High Fidelity_PipelineAsset.asset using Guid(0e611f6389fa0034f93efa0b7230c29a) Importer(2089858483,192608db42251d675da83286b1cce702) (ScriptedImporter) -> (artifact id: 'a717e6bc6258b47e3f6463b43aaf01e5') in 0.0281777 seconds
Number of updated asset objects reloaded before import = 0Number of asset objects unloaded after import = 1

========================================================================
Received Import Request.
  Time since last request: 0.000015 seconds.
  path: Assets/Settings/Balanced_PipelineAsset_ForwardRenderer.asset
  artifactKey: Guid(77cebf2c7af8dbb46be43f44bb5b68f4) Importer(2089858483,192608db42251d675da83286b1cce702)
Start importing Assets/Settings/Balanced_PipelineAsset_ForwardRenderer.asset using Guid(77cebf2c7af8dbb46be43f44bb5b68f4) Importer(2089858483,192608db42251d675da83286b1cce702) (ScriptedImporter) -> (artifact id: '941a7c4d24b63083e6b4325e5dcdaafe') in 0.0329085 seconds
Number of updated asset objects reloaded before import = 0Number of asset objects unloaded after import = 1

========================================================================
Received Import Request.
  Time since last request: 106.510390 seconds.
  path: Assets/DefaultVolumeProfile.asset
  artifactKey: Guid(ab07cdc2daa4d7144bf69dcaa184ff78) Importer(815301076,1909f56bfc062723c751e8b465ee728b)
Start importing Assets/DefaultVolumeProfile.asset using Guid(ab07cdc2daa4d7144bf69dcaa184ff78) Importer(815301076,1909f56bfc062723c751e8b465ee728b) (PreviewImporter) -> (artifact id: '50ad6cc14493ab67df655ed8ac4480a7') in 0.0010966 seconds
Number of updated asset objects reloaded before import = 0Number of asset objects unloaded after import = 0

========================================================================
Received Import Request.
  Time since last request: 0.000019 seconds.
  path: Assets/Readme.asset
  artifactKey: Guid(7f2c382dc2c22446db59030979f6e495) Importer(815301076,1909f56bfc062723c751e8b465ee728b)
Start importing Assets/Readme.asset using Guid(7f2c382dc2c22446db59030979f6e495) Importer(815301076,1909f56bfc062723c751e8b465ee728b) (PreviewImporter) -> (artifact id: '3a35e98adf8190a6e247b3df9be56dd1') in 0.0012361 seconds
Number of updated asset objects reloaded before import = 0Number of asset objects unloaded after import = 1

========================================================================
Received Import Request.
  Time since last request: 0.000031 seconds.
  path: Assets/terreno.fbx
  artifactKey: Guid(ee2f6dbe1d4f2bc48acfb713751de104) Importer(815301076,1909f56bfc062723c751e8b465ee728b)
Start importing Assets/terreno.fbx using Guid(ee2f6dbe1d4f2bc48acfb713751de104) Importer(815301076,1909f56bfc062723c751e8b465ee728b) (PreviewImporter) -> (artifact id: 'e8a7a7cbeffee1bbbc600273124254c7') in 0.000577 seconds
Number of updated asset objects reloaded before import = 0Number of asset objects unloaded after import = 0

========================================================================
Received Import Request.
  Time since last request: 0.000019 seconds.
  path: Assets/New Terrain.asset
  artifactKey: Guid(5be486a45e36e3b4fa4769eaef0f1d56) Importer(815301076,1909f56bfc062723c751e8b465ee728b)
Start importing Assets/New Terrain.asset using Guid(5be486a45e36e3b4fa4769eaef0f1d56) Importer(815301076,1909f56bfc062723c751e8b465ee728b) (PreviewImporter) -> (artifact id: '3b315828f4429cb016a86478b8d2a2a8') in 0.0067773 seconds
Number of updated asset objects reloaded before import = 0Number of asset objects unloaded after import = 1

========================================================================
Received Import Request.
  Time since last request: 0.000020 seconds.
  path: Assets/UniversalRenderPipelineGlobalSettings.asset
  artifactKey: Guid(788bca89b71f6d84b9f899737a43dd1e) Importer(815301076,1909f56bfc062723c751e8b465ee728b)
Start importing Assets/UniversalRenderPipelineGlobalSettings.asset using Guid(788bca89b71f6d84b9f899737a43dd1e) Importer(815301076,1909f56bfc062723c751e8b465ee728b) (PreviewImporter) -> (artifact id: 'bc43a065d4bcb73410c6f01a45809bb2') in 0.0011037 seconds
Number of updated asset objects reloaded before import = 0Number of asset objects unloaded after import = 0

========================================================================
Received Import Request.
  Time since last request: 44.628913 seconds.
  path: Assets/Settings/SkyandFogSettingsProfile.asset
  artifactKey: Guid(8ba92e2dd7f884a0f88b98fa2d235fe7) Importer(2089858483,192608db42251d675da83286b1cce702)
Start importing Assets/Settings/SkyandFogSettingsProfile.asset using Guid(8ba92e2dd7f884a0f88b98fa2d235fe7) Importer(2089858483,192608db42251d675da83286b1cce702) (ScriptedImporter) -> (artifact id: '623af07a7ac58251e15087775e7a2677') in 0.0329525 seconds
Number of updated asset objects reloaded before import = 0Number of asset objects unloaded after import = 4

========================================================================
Received Import Request.
  Time since last request: 182.780068 seconds.
  path: Assets/Modelos/LPRAWN_L.3DS
  artifactKey: Guid(b9fd2d409e9858d42a8bbfd66b7207a0) Importer(815301076,1909f56bfc062723c751e8b465ee728b)
Start importing Assets/Modelos/LPRAWN_L.3DS using Guid(b9fd2d409e9858d42a8bbfd66b7207a0) Importer(815301076,1909f56bfc062723c751e8b465ee728b) (PreviewImporter) -> (artifact id: '97b4961f70c3dc2d483511c3615256bf') in 0.0009042 seconds
Number of updated asset objects reloaded before import = 0Number of asset objects unloaded after import = 0

========================================================================
Received Import Request.
  Time since last request: 7.832890 seconds.
  path: Assets/terreno.fbx
  artifactKey: Guid(ee2f6dbe1d4f2bc48acfb713751de104) Importer(815301076,1909f56bfc062723c751e8b465ee728b)
Start importing Assets/terreno.fbx using Guid(ee2f6dbe1d4f2bc48acfb713751de104) Importer(815301076,1909f56bfc062723c751e8b465ee728b) (PreviewImporter) -> (artifact id: 'e8a7a7cbeffee1bbbc600273124254c7') in 0.0005833 seconds
Number of updated asset objects reloaded before import = 0Number of asset objects unloaded after import = 0

========================================================================
Received Import Request.
  Time since last request: 2.685890 seconds.
  path: Assets/Texturizado/BlueShrimp.mat
  artifactKey: Guid(5f5579e617091514a9b2a38070a0a129) Importer(815301076,1909f56bfc062723c751e8b465ee728b)
Start importing Assets/Texturizado/BlueShrimp.mat using Guid(5f5579e617091514a9b2a38070a0a129) Importer(815301076,1909f56bfc062723c751e8b465ee728b) (PreviewImporter) -> (artifact id: '7e3cf77e72bd90b0ec32645d73947d44') in 1.0735116 seconds
Number of updated asset objects reloaded before import = 0Number of asset objects unloaded after import = 3

========================================================================
Received Import Request.
  Time since last request: 0.000040 seconds.
  path: Assets/Texturizado/ojos.mat
  artifactKey: Guid(c511270743a548c4b9a55b137ec56c13) Importer(815301076,1909f56bfc062723c751e8b465ee728b)
Start importing Assets/Texturizado/ojos.mat using Guid(c511270743a548c4b9a55b137ec56c13) Importer(815301076,1909f56bfc062723c751e8b465ee728b) (PreviewImporter) -> (artifact id: '5d6f196615171e850169fb08926ef13b') in 0.0261096 seconds
Number of updated asset objects reloaded before import = 0Number of asset objects unloaded after import = 1

========================================================================
Received Import Request.
  Time since last request: 35.849855 seconds.
  path: Assets/Texturizado/Shaders OLD URP
  artifactKey: Guid(22b63aa04f8885b458d438c1658a53ce) Importer(815301076,1909f56bfc062723c751e8b465ee728b)
Start importing Assets/Texturizado/Shaders OLD URP using Guid(22b63aa04f8885b458d438c1658a53ce) Importer(815301076,1909f56bfc062723c751e8b465ee728b) (PreviewImporter) -> (artifact id: 'aec3011a5d61484543df9a7e03796fd2') in 0.0006337 seconds
Number of updated asset objects reloaded before import = 0Number of asset objects unloaded after import = 0

========================================================================
Received Import Request.
  Time since last request: 1.878706 seconds.
  path: Assets/Texturizado/Shaders OLD URP/Grilla.shadergraph
  artifactKey: Guid(191db5ef84d96de48b3952f14b5ccb62) Importer(815301076,1909f56bfc062723c751e8b465ee728b)
Start importing Assets/Texturizado/Shaders OLD URP/Grilla.shadergraph using Guid(191db5ef84d96de48b3952f14b5ccb62) Importer(815301076,1909f56bfc062723c751e8b465ee728b) (PreviewImporter) -> (artifact id: 'ec4101f0a8154311ebaee16208ce69cd') in 3.5491719 seconds
Number of updated asset objects reloaded before import = 0Number of asset objects unloaded after import = 5

========================================================================
Received Import Request.
  Time since last request: 2.982217 seconds.
  path: Assets/Texturizado/Shaders
  artifactKey: Guid(625acffda1010a848b92baf56646bd7d) Importer(815301076,1909f56bfc062723c751e8b465ee728b)
Start importing Assets/Texturizado/Shaders using Guid(625acffda1010a848b92baf56646bd7d) Importer(815301076,1909f56bfc062723c751e8b465ee728b) (PreviewImporter) -> (artifact id: '440d39bf79ee63c32fb92f201da50b0b') in 0.002977 seconds
Number of updated asset objects reloaded before import = 0Number of asset objects unloaded after import = 0

========================================================================
Received Import Request.
  Time since last request: 0.000032 seconds.
  path: Assets/Texturizado/Shaders/Texturizador.mat
  artifactKey: Guid(425f92822e9716441b543e65712ca83e) Importer(815301076,1909f56bfc062723c751e8b465ee728b)
Start importing Assets/Texturizado/Shaders/Texturizador.mat using Guid(425f92822e9716441b543e65712ca83e) Importer(815301076,1909f56bfc062723c751e8b465ee728b) (PreviewImporter) -> (artifact id: '55e53ee128f0e0a6d21e30efaf4ba7b9') in 0.0422042 seconds
Number of updated asset objects reloaded before import = 0Number of asset objects unloaded after import = 2

========================================================================
Received Import Request.
  Time since last request: 109.922826 seconds.
  path: Assets/InputSystem_Actions.inputactions
  artifactKey: Guid(35845fe01580c41289b024647b1d1c53) Importer(815301076,1909f56bfc062723c751e8b465ee728b)
Start importing Assets/InputSystem_Actions.inputactions using Guid(35845fe01580c41289b024647b1d1c53) Importer(815301076,1909f56bfc062723c751e8b465ee728b) (PreviewImporter) -> (artifact id: '2527dce459d8ca6cf7390eda40c0ade3') in 0.001792 seconds
Number of updated asset objects reloaded before import = 0Number of asset objects unloaded after import = 1

========================================================================
Received Import Request.
  Time since last request: 79.361669 seconds.
  path: Assets
  artifactKey: Guid(00000000000000001000000000000000) Importer(815301076,1909f56bfc062723c751e8b465ee728b)
Start importing Assets using Guid(00000000000000001000000000000000) Importer(815301076,1909f56bfc062723c751e8b465ee728b) (PreviewImporter) -> (artifact id: 'c391582d739b6e62a5220f35cbb167ac') in 0.0005682 seconds
Number of updated asset objects reloaded before import = 0Number of asset objects unloaded after import = 0

========================================================================
Received Import Request.
  Time since last request: 26.796567 seconds.
  path: Assets/Texturizado/Shaders/Texturizador.shadergraph
  artifactKey: Guid(9401f2de6bca7ed4e84da0c3e3c97c53) Importer(815301076,1909f56bfc062723c751e8b465ee728b)
Start importing Assets/Texturizado/Shaders/Texturizador.shadergraph using Guid(9401f2de6bca7ed4e84da0c3e3c97c53) Importer(815301076,1909f56bfc062723c751e8b465ee728b) (PreviewImporter) -> (artifact id: '7ce02c3602fdfda84e6fae29da552054') in 0.0017041 seconds
Number of updated asset objects reloaded before import = 0Number of asset objects unloaded after import = 1

========================================================================
Received Import Request.
  Time since last request: 48.138640 seconds.
  path: Assets/Texturizado/Shaders/Texturizador.shadergraph
  artifactKey: Guid(9401f2de6bca7ed4e84da0c3e3c97c53) Importer(815301076,1909f56bfc062723c751e8b465ee728b)
Start importing Assets/Texturizado/Shaders/Texturizador.shadergraph using Guid(9401f2de6bca7ed4e84da0c3e3c97c53) Importer(815301076,1909f56bfc062723c751e8b465ee728b) (PreviewImporter) -> (artifact id: '06467b18575fd68d216541d41336a2d4') in 0.9220838 seconds
Number of updated asset objects reloaded before import = 0Number of asset objects unloaded after import = 7

========================================================================
Received Import Request.
  Time since last request: 0.000037 seconds.
  path: Assets/Texturizado/Shaders/Texturizador.shadergraph
  artifactKey: Guid(9401f2de6bca7ed4e84da0c3e3c97c53) Importer(2089858483,192608db42251d675da83286b1cce702)
Start importing Assets/Texturizado/Shaders/Texturizador.shadergraph using Guid(9401f2de6bca7ed4e84da0c3e3c97c53) Importer(2089858483,192608db42251d675da83286b1cce702) (ScriptedImporter) -> (artifact id: '929bdf367651a6bb088a8e8e7da802f7') in 0.0457675 seconds
Number of updated asset objects reloaded before import = 0Number of asset objects unloaded after import = 7

========================================================================
Received Import Request.
  Time since last request: 6.973224 seconds.
  path: Assets/Texturizado/texturas img/rock_03.png
  artifactKey: Guid(4e91ff5cebfe8fe4b9f04dacd5820e8c) Importer(815301076,1909f56bfc062723c751e8b465ee728b)
Start importing Assets/Texturizado/texturas img/rock_03.png using Guid(4e91ff5cebfe8fe4b9f04dacd5820e8c) Importer(815301076,1909f56bfc062723c751e8b465ee728b) (PreviewImporter) -> (artifact id: 'bbb96e0a093eb064f98233a52c2bdf3a') in 0.0564896 seconds
Number of updated asset objects reloaded before import = 0Number of asset objects unloaded after import = 2

========================================================================
Received Import Request.
  Time since last request: 19.929776 seconds.
  path: Assets/Texturizado/Shaders/Texturizador.shadergraph
  artifactKey: Guid(9401f2de6bca7ed4e84da0c3e3c97c53) Importer(2089858483,192608db42251d675da83286b1cce702)
Start importing Assets/Texturizado/Shaders/Texturizador.shadergraph using Guid(9401f2de6bca7ed4e84da0c3e3c97c53) Importer(2089858483,192608db42251d675da83286b1cce702) (ScriptedImporter) -> (artifact id: 'e927ebaf315c732a03605890f56373a7') in 0.2858634 seconds
Number of updated asset objects reloaded before import = 0Number of asset objects unloaded after import = 4

========================================================================
Received Import Request.
  Time since last request: 11.580255 seconds.
  path: Assets/Texturizado/Shaders/Texturizador.shadergraph
  artifactKey: Guid(9401f2de6bca7ed4e84da0c3e3c97c53) Importer(2089858483,192608db42251d675da83286b1cce702)
Start importing Assets/Texturizado/Shaders/Texturizador.shadergraph using Guid(9401f2de6bca7ed4e84da0c3e3c97c53) Importer(2089858483,192608db42251d675da83286b1cce702) (ScriptedImporter) -> (artifact id: 'b3b46199e4f678e4df8d9f5e6d0affd9') in 0.2511953 seconds
Number of updated asset objects reloaded before import = 0Number of asset objects unloaded after import = 6

========================================================================
Received Import Request.
  Time since last request: 23.112604 seconds.
  path: Assets/Texturizado/Shaders/pruebas
  artifactKey: Guid(8326960b542e50344b78f7228a252b76) Importer(815301076,1909f56bfc062723c751e8b465ee728b)
Start importing Assets/Texturizado/Shaders/pruebas using Guid(8326960b542e50344b78f7228a252b76) Importer(815301076,1909f56bfc062723c751e8b465ee728b) (PreviewImporter) -> (artifact id: '4634bc0b116b6b13fb7953f14bc936a0') in 0.0013112 seconds
Number of updated asset objects reloaded before import = 0Number of asset objects unloaded after import = 0

========================================================================
Received Import Request.
  Time since last request: 0.021847 seconds.
  path: Assets/Texturizado/Shaders/pruebas/experimental.mat
  artifactKey: Guid(b171c16b8a92fa549b813fe865da6ea0) Importer(815301076,1909f56bfc062723c751e8b465ee728b)
Start importing Assets/Texturizado/Shaders/pruebas/experimental.mat using Guid(b171c16b8a92fa549b813fe865da6ea0) Importer(815301076,1909f56bfc062723c751e8b465ee728b) (PreviewImporter) -> (artifact id: '5f96b1c82ff6fb06db6d46094de79202') in 0.0210425 seconds
Number of updated asset objects reloaded before import = 0Number of asset objects unloaded after import = 2

========================================================================
Received Import Request.
  Time since last request: 1.598935 seconds.
  path: Assets/Texturizado/Shaders/pruebas/experimento.shadergraph
  artifactKey: Guid(b0a203d36fec20f4389d3b1471059ef8) Importer(815301076,1909f56bfc062723c751e8b465ee728b)
Start importing Assets/Texturizado/Shaders/pruebas/experimento.shadergraph using Guid(b0a203d36fec20f4389d3b1471059ef8) Importer(815301076,1909f56bfc062723c751e8b465ee728b) (PreviewImporter) -> (artifact id: '1fb1fb0b46c378cd7e9be2fa28980870') in 0.0018561 seconds
Number of updated asset objects reloaded before import = 0Number of asset objects unloaded after import = 1

========================================================================
Received Import Request.
  Time since last request: 25.063456 seconds.
  path: Assets/Texturizado/Shaders/Texturizador.shadergraph
  artifactKey: Guid(9401f2de6bca7ed4e84da0c3e3c97c53) Importer(815301076,1909f56bfc062723c751e8b465ee728b)
Start importing Assets/Texturizado/Shaders/Texturizador.shadergraph using Guid(9401f2de6bca7ed4e84da0c3e3c97c53) Importer(815301076,1909f56bfc062723c751e8b465ee728b) (PreviewImporter) -> (artifact id: '583b9ad48e04f4388bd59f8e4f9365d4') in 0.532587 seconds
Number of updated asset objects reloaded before import = 0Number of asset objects unloaded after import = 6

========================================================================
Received Import Request.
  Time since last request: 20.415843 seconds.
  path: Assets/Texturizado/Shaders/pruebas/experimento.shadergraph
  artifactKey: Guid(b0a203d36fec20f4389d3b1471059ef8) Importer(2089858483,192608db42251d675da83286b1cce702)
Start importing Assets/Texturizado/Shaders/pruebas/experimento.shadergraph using Guid(b0a203d36fec20f4389d3b1471059ef8) Importer(2089858483,192608db42251d675da83286b1cce702) (ScriptedImporter) -> (artifact id: '8d3a8ecd076769ad697a4c822e2ce075') in 0.2620489 seconds
Number of updated asset objects reloaded before import = 0Number of asset objects unloaded after import = 6

========================================================================
Received Import Request.
  Time since last request: 12.640426 seconds.
  path: Assets/Texturizado/Shaders/pruebas/procedural
  artifactKey: Guid(c928dc71f1f255a488e4eb9809ac33f9) Importer(815301076,1909f56bfc062723c751e8b465ee728b)
Start importing Assets/Texturizado/Shaders/pruebas/procedural using Guid(c928dc71f1f255a488e4eb9809ac33f9) Importer(815301076,1909f56bfc062723c751e8b465ee728b) (PreviewImporter) -> (artifact id: '1e5b00d9c87724544a15799e37d5da6f') in 0.0011321 seconds
Number of updated asset objects reloaded before import = 0Number of asset objects unloaded after import = 0

========================================================================
Received Import Request.
  Time since last request: 0.057424 seconds.
  path: Assets/Texturizado/Shaders/pruebas/procedural/Shader Graphs_Terreno 1.mat
  artifactKey: Guid(13830d9e333bde04a80a5c27cd21b317) Importer(815301076,1909f56bfc062723c751e8b465ee728b)
Start importing Assets/Texturizado/Shaders/pruebas/procedural/Shader Graphs_Terreno 1.mat using Guid(13830d9e333bde04a80a5c27cd21b317) Importer(815301076,1909f56bfc062723c751e8b465ee728b) (PreviewImporter) -> (artifact id: '44747450beff0177c4cb1e281a18463c') in 0.0136559 seconds
Number of updated asset objects reloaded before import = 0Number of asset objects unloaded after import = 1

========================================================================
Received Import Request.
  Time since last request: 0.000025 seconds.
  path: Assets/Texturizado/Shaders/pruebas/procedural/Terreno.mat
  artifactKey: Guid(e971b21b6e484f44db9b653c20cd4d3b) Importer(815301076,1909f56bfc062723c751e8b465ee728b)
Start importing Assets/Texturizado/Shaders/pruebas/procedural/Terreno.mat using Guid(e971b21b6e484f44db9b653c20cd4d3b) Importer(815301076,1909f56bfc062723c751e8b465ee728b) (PreviewImporter) -> (artifact id: 'e5b12b95adb41a0899a5c3d862a76ec1') in 0.0144527 seconds
Number of updated asset objects reloaded before import = 0Number of asset objects unloaded after import = 1

========================================================================
Received Import Request.
  Time since last request: 0.000025 seconds.
  path: Assets/Texturizado/Shaders/pruebas/procedural/Shader Graphs_Terreno 2.mat
  artifactKey: Guid(fbc787189dd5b4849a9c9cda3d35fff3) Importer(815301076,1909f56bfc062723c751e8b465ee728b)
Start importing Assets/Texturizado/Shaders/pruebas/procedural/Shader Graphs_Terreno 2.mat using Guid(fbc787189dd5b4849a9c9cda3d35fff3) Importer(815301076,1909f56bfc062723c751e8b465ee728b) (PreviewImporter) -> (artifact id: '40606faa1243290ff0739e82ae6069f7') in 0.0143852 seconds
Number of updated asset objects reloaded before import = 0Number of asset objects unloaded after import = 1

========================================================================
Received Import Request.
  Time since last request: 1.466129 seconds.
  path: Assets/Texturizado/Shaders/pruebas/procedural/Terreno 1.shadergraph
  artifactKey: Guid(c67ee3164c9c92342956c6700efcedf6) Importer(815301076,1909f56bfc062723c751e8b465ee728b)
Start importing Assets/Texturizado/Shaders/pruebas/procedural/Terreno 1.shadergraph using Guid(c67ee3164c9c92342956c6700efcedf6) Importer(815301076,1909f56bfc062723c751e8b465ee728b) (PreviewImporter) -> (artifact id: 'b20c0b92beb00e4a494b0a24b6d39501') in 0.0011457 seconds
Number of updated asset objects reloaded before import = 0Number of asset objects unloaded after import = 1

========================================================================
Received Import Request.
  Time since last request: 1.073474 seconds.
  path: Assets/Texturizado/Shaders/pruebas/procedural/Terreno.shadergraph
  artifactKey: Guid(f81cd4f88366d594991068e98fbecd02) Importer(815301076,1909f56bfc062723c751e8b465ee728b)
Start importing Assets/Texturizado/Shaders/pruebas/procedural/Terreno.shadergraph using Guid(f81cd4f88366d594991068e98fbecd02) Importer(815301076,1909f56bfc062723c751e8b465ee728b) (PreviewImporter) -> (artifact id: '36c269ff82389ca6a130a92a009df151') in 0.0012493 seconds
Number of updated asset objects reloaded before import = 0Number of asset objects unloaded after import = 1

========================================================================
Received Import Request.
  Time since last request: 9.095414 seconds.
  path: Assets/Texturizado/Shaders/pruebas/procedural/Terreno.shadergraph
  artifactKey: Guid(f81cd4f88366d594991068e98fbecd02) Importer(815301076,1909f56bfc062723c751e8b465ee728b)
Start importing Assets/Texturizado/Shaders/pruebas/procedural/Terreno.shadergraph using Guid(f81cd4f88366d594991068e98fbecd02) Importer(815301076,1909f56bfc062723c751e8b465ee728b) (PreviewImporter) -> (artifact id: '7d2d12d273fe77c01210622cfb7fc05c') in 1.2263561 seconds
Number of updated asset objects reloaded before import = 0Number of asset objects unloaded after import = 5

========================================================================
Received Import Request.
  Time since last request: 0.000032 seconds.
  path: Assets/Texturizado/Shaders/pruebas/procedural/Terreno.shadergraph
  artifactKey: Guid(f81cd4f88366d594991068e98fbecd02) Importer(2089858483,192608db42251d675da83286b1cce702)
Start importing Assets/Texturizado/Shaders/pruebas/procedural/Terreno.shadergraph using Guid(f81cd4f88366d594991068e98fbecd02) Importer(2089858483,192608db42251d675da83286b1cce702) (ScriptedImporter) -> (artifact id: '00b3e3d641d9b481b4b2fcbd869fee45') in 0.0361753 seconds
Number of updated asset objects reloaded before import = 0Number of asset objects unloaded after import = 5

========================================================================
Received Import Request.
  Time since last request: 12.758995 seconds.
  path: Assets/Texturizado/Shaders/pruebas/procedural/Terreno 1.shadergraph
  artifactKey: Guid(c67ee3164c9c92342956c6700efcedf6) Importer(815301076,1909f56bfc062723c751e8b465ee728b)
Start importing Assets/Texturizado/Shaders/pruebas/procedural/Terreno 1.shadergraph using Guid(c67ee3164c9c92342956c6700efcedf6) Importer(815301076,1909f56bfc062723c751e8b465ee728b) (PreviewImporter) -> (artifact id: '3e2241a519c3a6a91fa5640bfe9420b5') in 0.8620937 seconds
Number of updated asset objects reloaded before import = 0Number of asset objects unloaded after import = 5

========================================================================
Received Import Request.
  Time since last request: 0.000031 seconds.
  path: Assets/Texturizado/Shaders/pruebas/procedural/Terreno 1.shadergraph
  artifactKey: Guid(c67ee3164c9c92342956c6700efcedf6) Importer(2089858483,192608db42251d675da83286b1cce702)
Start importing Assets/Texturizado/Shaders/pruebas/procedural/Terreno 1.shadergraph using Guid(c67ee3164c9c92342956c6700efcedf6) Importer(2089858483,192608db42251d675da83286b1cce702) (ScriptedImporter) -> (artifact id: '84a6d5f4c0e06b220c76ae08b2e8ce4d') in 0.0272581 seconds
Number of updated asset objects reloaded before import = 0Number of asset objects unloaded after import = 5

========================================================================
Received Import Request.
  Time since last request: 40.810925 seconds.
  path: Assets/Texturizado/texturas img
  artifactKey: Guid(ad4b6060f58e0604893f0b9f21762c4b) Importer(815301076,1909f56bfc062723c751e8b465ee728b)
Start importing Assets/Texturizado/texturas img using Guid(ad4b6060f58e0604893f0b9f21762c4b) Importer(815301076,1909f56bfc062723c751e8b465ee728b) (PreviewImporter) -> (artifact id: '0df16d984647018fa5832ae70c5a9ea9') in 0.0006534 seconds
Number of updated asset objects reloaded before import = 0Number of asset objects unloaded after import = 0

========================================================================
Received Import Request.
  Time since last request: 3.102398 seconds.
  path: Assets/Texturizado/Shaders OLD URP/2001.shadergraph
  artifactKey: Guid(20ccfcb9ae4ce5540b0451efad46f230) Importer(815301076,1909f56bfc062723c751e8b465ee728b)
Start importing Assets/Texturizado/Shaders OLD URP/2001.shadergraph using Guid(20ccfcb9ae4ce5540b0451efad46f230) Importer(815301076,1909f56bfc062723c751e8b465ee728b) (PreviewImporter) -> (artifact id: '7980c22bccd90be180348948650587d1') in 0.4062787 seconds
Number of updated asset objects reloaded before import = 0Number of asset objects unloaded after import = 5

========================================================================
Received Import Request.
  Time since last request: 7.264843 seconds.
  path: Assets/Texturizado/Shaders OLD URP/edificios.shadergraph
  artifactKey: Guid(1711d2a5a9de5ac43ad0127d5c0b6032) Importer(815301076,1909f56bfc062723c751e8b465ee728b)
Start importing Assets/Texturizado/Shaders OLD URP/edificios.shadergraph using Guid(1711d2a5a9de5ac43ad0127d5c0b6032) Importer(815301076,1909f56bfc062723c751e8b465ee728b) (PreviewImporter) -> (artifact id: 'b1206fe7d7309e042f44dd276be43f87') in 1.2694069 seconds
Number of updated asset objects reloaded before import = 0Number of asset objects unloaded after import = 5

========================================================================
Received Import Request.
  Time since last request: 2.327950 seconds.
  path: Assets/Texturizado/Shaders OLD URP/Objetos.shadergraph
  artifactKey: Guid(7a2b380a798759f4cb7a64354f8f4777) Importer(815301076,1909f56bfc062723c751e8b465ee728b)
Start importing Assets/Texturizado/Shaders OLD URP/Objetos.shadergraph using Guid(7a2b380a798759f4cb7a64354f8f4777) Importer(815301076,1909f56bfc062723c751e8b465ee728b) (PreviewImporter) -> (artifact id: '82890840189ebf8b8c5aeb795ca2acbd') in 1.8793352 seconds
Number of updated asset objects reloaded before import = 0Number of asset objects unloaded after import = 5

========================================================================
Received Import Request.
  Time since last request: 0.000027 seconds.
  path: Assets/Texturizado/Shaders OLD URP/Ondulado.shadergraph
  artifactKey: Guid(f3170b911572ada4abf16a2ac48b9231) Importer(815301076,1909f56bfc062723c751e8b465ee728b)
Start importing Assets/Texturizado/Shaders OLD URP/Ondulado.shadergraph using Guid(f3170b911572ada4abf16a2ac48b9231) Importer(815301076,1909f56bfc062723c751e8b465ee728b) (PreviewImporter) -> (artifact id: 'c591e93e4a337b84bc4aba2a3c46ead8') in 1.3240639 seconds
Number of updated asset objects reloaded before import = 0Number of asset objects unloaded after import = 5

========================================================================
Received Import Request.
  Time since last request: 0.034010 seconds.
  path: Assets/Texturizado/Shaders OLD URP/Resplandeciente.shadergraph
  artifactKey: Guid(e1d9e27e51fcaf844a6a6e87291646d0) Importer(815301076,1909f56bfc062723c751e8b465ee728b)
Start importing Assets/Texturizado/Shaders OLD URP/Resplandeciente.shadergraph using Guid(e1d9e27e51fcaf844a6a6e87291646d0) Importer(815301076,1909f56bfc062723c751e8b465ee728b) (PreviewImporter) -> (artifact id: '98d9f831e580ce3325fcdb907ae19d02') in 1.5690685 seconds
Number of updated asset objects reloaded before import = 0Number of asset objects unloaded after import = 5

========================================================================
Received Import Request.
  Time since last request: 55.003724 seconds.
  path: Assets/Texturizado/Shaders/Texturizador.mat
  artifactKey: Guid(425f92822e9716441b543e65712ca83e) Importer(815301076,1909f56bfc062723c751e8b465ee728b)
Start importing Assets/Texturizado/Shaders/Texturizador.mat using Guid(425f92822e9716441b543e65712ca83e) Importer(815301076,1909f56bfc062723c751e8b465ee728b) (PreviewImporter) -> (artifact id: 'bd641d88c6338773ccfc1649a76cb954') in 0.0505395 seconds
Number of updated asset objects reloaded before import = 0Number of asset objects unloaded after import = 7

========================================================================
Received Import Request.
  Time since last request: 0.853083 seconds.
  path: Assets/Texturizado/Shaders/Texturizador.mat
  artifactKey: Guid(425f92822e9716441b543e65712ca83e) Importer(2089858483,192608db42251d675da83286b1cce702)
Start importing Assets/Texturizado/Shaders/Texturizador.mat using Guid(425f92822e9716441b543e65712ca83e) Importer(2089858483,192608db42251d675da83286b1cce702) (ScriptedImporter) -> (artifact id: '1729083a53f4959db70359ca3709208c') in 0.0274832 seconds
Number of updated asset objects reloaded before import = 0Number of asset objects unloaded after import = 7

========================================================================
Received Import Request.
  Time since last request: 0.000038 seconds.
  path: Assets/Texturizado/Shaders/pruebas/procedural/Shader Graphs_Terreno 1.mat
  artifactKey: Guid(13830d9e333bde04a80a5c27cd21b317) Importer(2089858483,192608db42251d675da83286b1cce702)
Start importing Assets/Texturizado/Shaders/pruebas/procedural/Shader Graphs_Terreno 1.mat using Guid(13830d9e333bde04a80a5c27cd21b317) Importer(2089858483,192608db42251d675da83286b1cce702) (ScriptedImporter) -> (artifact id: '62322b2de1123b6ff6082d87093d71c7') in 0.02349 seconds
Number of updated asset objects reloaded before import = 0Number of asset objects unloaded after import = 6

========================================================================
Received Import Request.
  Time since last request: 0.000024 seconds.
  path: Assets/Texturizado/Shaders/pruebas/procedural/Terreno.mat
  artifactKey: Guid(e971b21b6e484f44db9b653c20cd4d3b) Importer(2089858483,192608db42251d675da83286b1cce702)
Start importing Assets/Texturizado/Shaders/pruebas/procedural/Terreno.mat using Guid(e971b21b6e484f44db9b653c20cd4d3b) Importer(2089858483,192608db42251d675da83286b1cce702) (ScriptedImporter) -> (artifact id: '5b7872975738fb8afb7fa822a1c4ff0b') in 0.0237516 seconds
Number of updated asset objects reloaded before import = 0Number of asset objects unloaded after import = 6

========================================================================
Received Import Request.
  Time since last request: 0.000026 seconds.
  path: Assets/Texturizado/Shaders/pruebas/experimental.mat
  artifactKey: Guid(b171c16b8a92fa549b813fe865da6ea0) Importer(2089858483,192608db42251d675da83286b1cce702)
Start importing Assets/Texturizado/Shaders/pruebas/experimental.mat using Guid(b171c16b8a92fa549b813fe865da6ea0) Importer(2089858483,192608db42251d675da83286b1cce702) (ScriptedImporter) -> (artifact id: 'd80120d7933b78db8fd4af3502864448') in 0.0248889 seconds
Number of updated asset objects reloaded before import = 0Number of asset objects unloaded after import = 7

========================================================================
Received Import Request.
  Time since last request: 0.000033 seconds.
  path: Assets/Texturizado/Shaders/pruebas/procedural/Shader Graphs_Terreno 2.mat
  artifactKey: Guid(fbc787189dd5b4849a9c9cda3d35fff3) Importer(2089858483,192608db42251d675da83286b1cce702)
Start importing Assets/Texturizado/Shaders/pruebas/procedural/Shader Graphs_Terreno 2.mat using Guid(fbc787189dd5b4849a9c9cda3d35fff3) Importer(2089858483,192608db42251d675da83286b1cce702) (ScriptedImporter) -> (artifact id: 'cb2128c325dbb6f7f8a2ecf57850998d') in 0.0279054 seconds
Number of updated asset objects reloaded before import = 0Number of asset objects unloaded after import = 6

========================================================================
Received Import Request.
  Time since last request: 3.374334 seconds.
  path: Assets/Texturizado/Shaders/pruebas/experimental.mat
  artifactKey: Guid(b171c16b8a92fa549b813fe865da6ea0) Importer(815301076,1909f56bfc062723c751e8b465ee728b)
Start importing Assets/Texturizado/Shaders/pruebas/experimental.mat using Guid(b171c16b8a92fa549b813fe865da6ea0) Importer(815301076,1909f56bfc062723c751e8b465ee728b) (PreviewImporter) -> (artifact id: '4dda5507bc851ae473b4720862d12aaf') in 0.9752491 seconds
Number of updated asset objects reloaded before import = 0Number of asset objects unloaded after import = 7

========================================================================
Received Import Request.
  Time since last request: 5.264025 seconds.
  path: Assets/Texturizado/Shaders/pruebas/procedural/Shader Graphs_Terreno 1.mat
  artifactKey: Guid(13830d9e333bde04a80a5c27cd21b317) Importer(815301076,1909f56bfc062723c751e8b465ee728b)
Start importing Assets/Texturizado/Shaders/pruebas/procedural/Shader Graphs_Terreno 1.mat using Guid(13830d9e333bde04a80a5c27cd21b317) Importer(815301076,1909f56bfc062723c751e8b465ee728b) (PreviewImporter) -> (artifact id: '67b5dc2f277b64450bda2e7347f4ad45') in 0.0339371 seconds
Number of updated asset objects reloaded before import = 0Number of asset objects unloaded after import = 6

========================================================================
Received Import Request.
  Time since last request: 0.000025 seconds.
  path: Assets/Texturizado/Shaders/pruebas/procedural/Terreno.mat
  artifactKey: Guid(e971b21b6e484f44db9b653c20cd4d3b) Importer(815301076,1909f56bfc062723c751e8b465ee728b)
Start importing Assets/Texturizado/Shaders/pruebas/procedural/Terreno.mat using Guid(e971b21b6e484f44db9b653c20cd4d3b) Importer(815301076,1909f56bfc062723c751e8b465ee728b) (PreviewImporter) -> (artifact id: 'fa86068019812ed70a4a01a3f02f7fd2') in 0.0392282 seconds
Number of updated asset objects reloaded before import = 0Number of asset objects unloaded after import = 6

========================================================================
Received Import Request.
  Time since last request: 0.000023 seconds.
  path: Assets/Texturizado/Shaders/pruebas/procedural/Shader Graphs_Terreno 2.mat
  artifactKey: Guid(fbc787189dd5b4849a9c9cda3d35fff3) Importer(815301076,1909f56bfc062723c751e8b465ee728b)
Start importing Assets/Texturizado/Shaders/pruebas/procedural/Shader Graphs_Terreno 2.mat using Guid(fbc787189dd5b4849a9c9cda3d35fff3) Importer(815301076,1909f56bfc062723c751e8b465ee728b) (PreviewImporter) -> (artifact id: '40c7a9c887af36b3e57cc39218f87800') in 0.0325687 seconds
Number of updated asset objects reloaded before import = 0Number of asset objects unloaded after import = 6

========================================================================
Received Import Request.
  Time since last request: 141.755074 seconds.
  path: Assets/terreno.fbx
  artifactKey: Guid(ee2f6dbe1d4f2bc48acfb713751de104) Importer(815301076,1909f56bfc062723c751e8b465ee728b)
Start importing Assets/terreno.fbx using Guid(ee2f6dbe1d4f2bc48acfb713751de104) Importer(815301076,1909f56bfc062723c751e8b465ee728b) (PreviewImporter) -> (artifact id: 'e8a7a7cbeffee1bbbc600273124254c7') in 0.0009317 seconds
Number of updated asset objects reloaded before import = 0Number of asset objects unloaded after import = 0

========================================================================
Received Import Request.
  Time since last request: 47.850247 seconds.
  path: Assets/terreno.fbx
  artifactKey: Guid(ee2f6dbe1d4f2bc48acfb713751de104) Importer(815301076,1909f56bfc062723c751e8b465ee728b)
Start importing Assets/terreno.fbx using Guid(ee2f6dbe1d4f2bc48acfb713751de104) Importer(815301076,1909f56bfc062723c751e8b465ee728b) (PreviewImporter) -> (artifact id: 'e8a7a7cbeffee1bbbc600273124254c7') in 0.0006669 seconds
Number of updated asset objects reloaded before import = 0Number of asset objects unloaded after import = 0

========================================================================
Received Import Request.
  Time since last request: 0.876166 seconds.
  path: Assets/Texturizado/Shaders/pruebas/procedural/Shader Graphs_Terreno 1.mat
  artifactKey: Guid(13830d9e333bde04a80a5c27cd21b317) Importer(2089858483,192608db42251d675da83286b1cce702)
Start importing Assets/Texturizado/Shaders/pruebas/procedural/Shader Graphs_Terreno 1.mat using Guid(13830d9e333bde04a80a5c27cd21b317) Importer(2089858483,192608db42251d675da83286b1cce702) (ScriptedImporter) -> (artifact id: 'd356f4b8824f56132d17e4e472521e19') in 0.0278719 seconds
Number of updated asset objects reloaded before import = 0Number of asset objects unloaded after import = 6

========================================================================
Received Import Request.
  Time since last request: 0.000132 seconds.
  path: Assets/OutdoorsScene.unity
  artifactKey: Guid(8124e5870f4fd4c779e7a5f994e84ad1) Importer(2089858483,192608db42251d675da83286b1cce702)
Start importing Assets/OutdoorsScene.unity using Guid(8124e5870f4fd4c779e7a5f994e84ad1) Importer(2089858483,192608db42251d675da83286b1cce702) (ScriptedImporter) -> (artifact id: 'f96ca6b4f2c7b84ee59ff813d96719fc') in 0.025401 seconds
Number of updated asset objects reloaded before import = 0Number of asset objects unloaded after import = 1

========================================================================
Received Import Request.
  Time since last request: 0.000027 seconds.
  path: Assets/Texturizado/Shaders/pruebas/procedural/Terreno.mat
  artifactKey: Guid(e971b21b6e484f44db9b653c20cd4d3b) Importer(2089858483,192608db42251d675da83286b1cce702)
Start importing Assets/Texturizado/Shaders/pruebas/procedural/Terreno.mat using Guid(e971b21b6e484f44db9b653c20cd4d3b) Importer(2089858483,192608db42251d675da83286b1cce702) (ScriptedImporter) -> (artifact id: 'f517904234566f691b141cc54a91352b') in 0.0261439 seconds
Number of updated asset objects reloaded before import = 0Number of asset objects unloaded after import = 6

========================================================================
Received Import Request.
  Time since last request: 0.000027 seconds.
  path: Assets/Texturizado/Shaders/pruebas/experimental.mat
  artifactKey: Guid(b171c16b8a92fa549b813fe865da6ea0) Importer(2089858483,192608db42251d675da83286b1cce702)
Start importing Assets/Texturizado/Shaders/pruebas/experimental.mat using Guid(b171c16b8a92fa549b813fe865da6ea0) Importer(2089858483,192608db42251d675da83286b1cce702) (ScriptedImporter) -> (artifact id: '08d7086c31810f41d8cb1a12fc09d9ba') in 0.0314696 seconds
Number of updated asset objects reloaded before import = 0Number of asset objects unloaded after import = 7

========================================================================
Received Import Request.
  Time since last request: 0.000050 seconds.
  path: Assets/Texturizado/Shaders/pruebas/procedural/Shader Graphs_Terreno 2.mat
  artifactKey: Guid(fbc787189dd5b4849a9c9cda3d35fff3) Importer(2089858483,192608db42251d675da83286b1cce702)
Start importing Assets/Texturizado/Shaders/pruebas/procedural/Shader Graphs_Terreno 2.mat using Guid(fbc787189dd5b4849a9c9cda3d35fff3) Importer(2089858483,192608db42251d675da83286b1cce702) (ScriptedImporter) -> (artifact id: '489c03eda5119da3b8b413a8b4e10a48') in 0.0293997 seconds
Number of updated asset objects reloaded before import = 0Number of asset objects unloaded after import = 6

